-- @Description Tests the compaction of data inserted in utility mode
--
DROP TABLE IF EXISTS foo;
DROP
CREATE TABLE foo (a INT, b INT, c CHAR(128)) distributed randomly;
CREATE
CREATE INDEX foo_index ON foo(b);
CREATE

0U: INSERT INTO foo VALUES (2, 2, 'c');
INSERT 1
0U: INSERT INTO foo VALUES (3, 3, 'c');
INSERT 1
SELECT segment_id, pttupcount FROM get_pax_aux_table_all('foo');
 segment_id | pttupcount 
------------+------------
 0          | 1          
 0          | 1          
(2 rows)
DELETE FROM foo WHERE a = 2;
DELETE 1
UPDATE foo SET b = -1 WHERE a = 3;
UPDATE 1
VACUUM foo;
VACUUM
SELECT segment_id, pttupcount FROM get_pax_aux_table_all('foo') where pttupcount > 0;
 segment_id | pttupcount 
------------+------------
 0          | 1          
 0          | 1          
 0          | 1          
(3 rows)
