-- @Description Ensures that a select during a vacuum operation is ok
--
DROP TABLE IF EXISTS pax_tbl;
DROP
CREATE TABLE pax_tbl (a INT);
CREATE
insert into pax_tbl select generate_series(1,1000);
INSERT 1000
insert into pax_tbl select generate_series(1,1000);
INSERT 1000
insert into pax_tbl select generate_series(1,1000);
INSERT 1000
insert into pax_tbl select generate_series(1,1000);
INSERT 1000
insert into pax_tbl select generate_series(1,1000);
INSERT 1000
insert into pax_tbl select generate_series(1,1000);
INSERT 1000
insert into pax_tbl select generate_series(1,1000);
INSERT 1000
insert into pax_tbl select generate_series(1,1000);
INSERT 1000
insert into pax_tbl select generate_series(1,1000);
INSERT 1000
insert into pax_tbl select generate_series(1,1000);
INSERT 1000
insert into pax_tbl select generate_series(1,1000);
INSERT 1000
insert into pax_tbl select generate_series(1,1000);
INSERT 1000
insert into pax_tbl select generate_series(1,1000);
INSERT 1000
insert into pax_tbl select generate_series(1,1000);
INSERT 1000
insert into pax_tbl select generate_series(1,1000);
INSERT 1000
insert into pax_tbl select generate_series(1,1000);
INSERT 1000
insert into pax_tbl select generate_series(1,1000);
INSERT 1000
insert into pax_tbl select generate_series(1,1000);
INSERT 1000
insert into pax_tbl select generate_series(1,1000);
INSERT 1000
insert into pax_tbl select generate_series(1,1000);
INSERT 1000
insert into pax_tbl select generate_series(1,1000);
INSERT 1000

DELETE FROM pax_tbl WHERE a < 128;
DELETE 2667
1: BEGIN;
BEGIN
1>: SELECT COUNT(*) FROM pax_tbl;SELECT COUNT(*) FROM pax_tbl;SELECT COUNT(*) FROM pax_tbl;SELECT COUNT(*) FROM pax_tbl;SELECT COUNT(*) FROM pax_tbl;SELECT COUNT(*) FROM pax_tbl;SELECT COUNT(*) FROM pax_tbl;SELECT COUNT(*) FROM pax_tbl;SELECT COUNT(*) FROM pax_tbl;SELECT COUNT(*) FROM pax_tbl;SELECT COUNT(*) FROM pax_tbl;SELECT COUNT(*) FROM pax_tbl;SELECT COUNT(*) FROM pax_tbl;SELECT COUNT(*) FROM pax_tbl;SELECT COUNT(*) FROM pax_tbl;SELECT COUNT(*) FROM pax_tbl;COMMIT;SELECT COUNT(*) FROM pax_tbl;SELECT COUNT(*) FROM pax_tbl;SELECT COUNT(*) FROM pax_tbl;SELECT COUNT(*) FROM pax_tbl;SELECT COUNT(*) FROM pax_tbl;SELECT COUNT(*) FROM pax_tbl;SELECT COUNT(*) FROM pax_tbl;SELECT COUNT(*) FROM pax_tbl;SELECT COUNT(*) FROM pax_tbl;SELECT COUNT(*) FROM pax_tbl;SELECT COUNT(*) FROM pax_tbl;SELECT COUNT(*) FROM pax_tbl;SELECT COUNT(*) FROM pax_tbl;SELECT COUNT(*) FROM pax_tbl;SELECT COUNT(*) FROM pax_tbl;SELECT COUNT(*) FROM pax_tbl;COMMIT;  <waiting ...>
2: VACUUM pax_tbl;
VACUUM
1<:  <... completed>
SELECT
3: INSERT INTO pax_tbl VALUES (0);
INSERT 1
