-- @Description Ensures that a select from a serializalbe transaction is ok after vacuum
--
DROP TABLE IF EXISTS pax_tbl;
DROP
CREATE TABLE pax_tbl (a INT);
CREATE
insert into pax_tbl select generate_series(1,1000);
INSERT 1000
insert into pax_tbl select generate_series(1,1000);
INSERT 1000
insert into pax_tbl select generate_series(1,1000);
INSERT 1000
insert into pax_tbl select generate_series(1,1000);
INSERT 1000
insert into pax_tbl select generate_series(1,1000);
INSERT 1000
insert into pax_tbl select generate_series(1,1000);
INSERT 1000
insert into pax_tbl select generate_series(1,1000);
INSERT 1000
insert into pax_tbl select generate_series(1,1000);
INSERT 1000
insert into pax_tbl select generate_series(1,1000);
INSERT 1000
insert into pax_tbl select generate_series(1,1000);
INSERT 1000
insert into pax_tbl select generate_series(1,1000);
INSERT 1000
insert into pax_tbl select generate_series(1,1000);
INSERT 1000
insert into pax_tbl select generate_series(1,1000);
INSERT 1000
insert into pax_tbl select generate_series(1,1000);
INSERT 1000
insert into pax_tbl select generate_series(1,1000);
INSERT 1000
insert into pax_tbl select generate_series(1,1000);
INSERT 1000
insert into pax_tbl select generate_series(1,1000);
INSERT 1000
insert into pax_tbl select generate_series(1,1000);
INSERT 1000
insert into pax_tbl select generate_series(1,1000);
INSERT 1000
insert into pax_tbl select generate_series(1,1000);
INSERT 1000
insert into pax_tbl select generate_series(1,1000);
INSERT 1000

DELETE FROM pax_tbl WHERE a < 128;
DELETE 2667
1: BEGIN TRANSACTION ISOLATION LEVEL SERIALIZABLE;
BEGIN
2: VACUUM pax_tbl;
VACUUM
1: SELECT COUNT(*) FROM pax_tbl;
 count 
-------
 18333 
(1 row)
3: INSERT INTO pax_tbl VALUES (0);
INSERT 1
