-- @Description Ensures that a vacuum during insert operations is ok
--
DROP TABLE IF EXISTS pax_tbl;
DROP
CREATE TABLE pax_tbl (a INT);
CREATE
insert into pax_tbl select generate_series(1,1000);
INSERT 1000
insert into pax_tbl select generate_series(1,1000);
INSERT 1000
insert into pax_tbl select generate_series(1,1000);
INSERT 1000
insert into pax_tbl select generate_series(1,1000);
INSERT 1000
insert into pax_tbl select generate_series(1,1000);
INSERT 1000
insert into pax_tbl select generate_series(1,1000);
INSERT 1000
insert into pax_tbl select generate_series(1,1000);
INSERT 1000
insert into pax_tbl select generate_series(1,1000);
INSERT 1000
insert into pax_tbl select generate_series(1,1000);
INSERT 1000
insert into pax_tbl select generate_series(1,1000);
INSERT 1000
insert into pax_tbl select generate_series(1,1000);
INSERT 1000
insert into pax_tbl select generate_series(1,1000);
INSERT 1000
insert into pax_tbl select generate_series(1,1000);
INSERT 1000
insert into pax_tbl select generate_series(1,1000);
INSERT 1000
insert into pax_tbl select generate_series(1,1000);
INSERT 1000
insert into pax_tbl select generate_series(1,1000);
INSERT 1000
insert into pax_tbl select generate_series(1,1000);
INSERT 1000
insert into pax_tbl select generate_series(1,1000);
INSERT 1000
insert into pax_tbl select generate_series(1,1000);
INSERT 1000
insert into pax_tbl select generate_series(1,1000);
INSERT 1000
insert into pax_tbl select generate_series(1,1000);
INSERT 1000

DELETE FROM pax_tbl WHERE a < 128;
DELETE 2667
1: BEGIN;
BEGIN
1>: insert into pax_tbl select generate_series(1001,2000);insert into pax_tbl select generate_series(1001,2000) ;insert into pax_tbl select generate_series(1001,2000);insert into pax_tbl select generate_series(1001,2000) ;insert into pax_tbl select generate_series(1001,2000);insert into pax_tbl select generate_series(1001,2000) ;insert into pax_tbl select generate_series(1001,2000);insert into pax_tbl select generate_series(1001,2000) ;insert into pax_tbl select generate_series(1001,2000);insert into pax_tbl select generate_series(1001,2000) ;insert into pax_tbl select generate_series(1001,2000);insert into pax_tbl select generate_series(1001,2000) ;insert into pax_tbl select generate_series(1001,2000);insert into pax_tbl select generate_series(1001,2000) ;insert into pax_tbl select generate_series(1001,2000);insert into pax_tbl select generate_series(1001,2000) ;insert into pax_tbl select generate_series(1001,2000);insert into pax_tbl select generate_series(1001,2000) ;insert into pax_tbl select generate_series(1001,2000);insert into pax_tbl select generate_series(1001,2000) ;COMMIT;  <waiting ...>
4: BEGIN;
BEGIN
4>: insert into pax_tbl select generate_series(1001,2000);insert into pax_tbl select generate_series(1001,2000) ;insert into pax_tbl select generate_series(1001,2000);insert into pax_tbl select generate_series(1001,2000) ;insert into pax_tbl select generate_series(1001,2000);insert into pax_tbl select generate_series(1001,2000) ;insert into pax_tbl select generate_series(1001,2000);insert into pax_tbl select generate_series(1001,2000) ;insert into pax_tbl select generate_series(1001,2000);insert into pax_tbl select generate_series(1001,2000) ;insert into pax_tbl select generate_series(1001,2000);insert into pax_tbl select generate_series(1001,2000) ;insert into pax_tbl select generate_series(1001,2000);insert into pax_tbl select generate_series(1001,2000) ;insert into pax_tbl select generate_series(1001,2000);insert into pax_tbl select generate_series(1001,2000) ;insert into pax_tbl select generate_series(1001,2000);insert into pax_tbl select generate_series(1001,2000) ;insert into pax_tbl select generate_series(1001,2000);insert into pax_tbl select generate_series(1001,2000) ;COMMIT;  <waiting ...>
2: VACUUM pax_tbl;
VACUUM
1<:  <... completed>
INSERT
4<:  <... completed>
INSERT
3: SELECT COUNT(*) FROM pax_tbl WHERE a = 1500;
 count 
-------
 40    
(1 row)
3: INSERT INTO pax_tbl VALUES (0);
INSERT 1
