-- start_matchignore
-- m/LOG:  statement:/
-- m/no filter/
-- m/bloom filter/
-- m/No sparse filter/
-- end_matchignore
set default_table_access_method to pax;
set pax_enable_debug to on;
set pax_enable_sparse_filter to on;
create table t_arithmetic(same int, v1 int, v2 int, v3 int) using pax with (minmax_columns='v1,v2,v3');
NOTICE:  Table doesn't have 'DISTRIBUTED BY' clause -- Using column named 'same' as the Cloudberry Database data distribution key for this table.
HINT:  The 'DISTRIBUTED BY' clause determines the distribution of data. Make sure column(s) chosen are the optimal data distribution key to minimize skew.
create table ta_mul(same int, v1 int, v2 int, v3 int) using pax with (minmax_columns='v1,v2,v3');
NOTICE:  Table doesn't have 'DISTRIBUTED BY' clause -- Using column named 'same' as the Cloudberry Database data distribution key for this table.
HINT:  The 'DISTRIBUTED BY' clause determines the distribution of data. Make sure column(s) chosen are the optimal data distribution key to minimize skew.
-- file1: [1, 100], [101, 200], [201, 300]
-- file2: [401, 500], [501, 600], [601, 700]
insert into t_arithmetic values(1, generate_series(1, 100), generate_series(101, 200), generate_series(201, 300));
insert into t_arithmetic values(1, generate_series(401, 500), generate_series(501, 600), generate_series(601, 700));
-- [1, 100], [-100, -1], [-50, 49]
insert into ta_mul values(1, generate_series(1, 100), generate_series(-100, -1), generate_series(-50, 49));
set client_min_messages to log;
-- ArithmeticOpExpr(var,const), (var,var), (const,var)
-- column v1 file1: [-9, 90] file2:[391, 490]
-- column v2 file1: [101, 200] file2:[501, 600]
select count(*) from t_arithmetic where v1 - 10 > 0;
LOG:  statement: select count(*) from t_arithmetic where v1 - 10 > 0;
LOG:  kind file, filter rate: 0 / 2
 count 
-------
   190
(1 row)

select count(*) from t_arithmetic where v1 - 10 > 100;
LOG:  statement: select count(*) from t_arithmetic where v1 - 10 > 100;
LOG:  kind file, filter rate: 1 / 2
 count 
-------
   100
(1 row)

select count(*) from t_arithmetic where v1 - 10 > 90;
LOG:  statement: select count(*) from t_arithmetic where v1 - 10 > 90;
LOG:  kind file, filter rate: 1 / 2
 count 
-------
   100
(1 row)

select count(*) from t_arithmetic where v1 - 10 > 89;
LOG:  statement: select count(*) from t_arithmetic where v1 - 10 > 89;
LOG:  kind file, filter rate: 0 / 2
 count 
-------
   101
(1 row)

select count(*) from t_arithmetic where v1 - 10 > 491;
LOG:  statement: select count(*) from t_arithmetic where v1 - 10 > 491;
LOG:  kind file, filter rate: 2 / 2
 count 
-------
     0
(1 row)

select count(*) from t_arithmetic where v1 - 10 > 490;
LOG:  statement: select count(*) from t_arithmetic where v1 - 10 > 490;
LOG:  kind file, filter rate: 2 / 2
 count 
-------
     0
(1 row)

select count(*) from t_arithmetic where v1 - 10 > 489;
LOG:  statement: select count(*) from t_arithmetic where v1 - 10 > 489;
LOG:  kind file, filter rate: 1 / 2
 count 
-------
     1
(1 row)

select count(*) from t_arithmetic where 0 < v1 - 10;
LOG:  statement: select count(*) from t_arithmetic where 0 < v1 - 10;
LOG:  kind file, filter rate: 0 / 2
 count 
-------
   190
(1 row)

select count(*) from t_arithmetic where 100 < v1 - 10;
LOG:  statement: select count(*) from t_arithmetic where 100 < v1 - 10;
LOG:  kind file, filter rate: 1 / 2
 count 
-------
   100
(1 row)

select count(*) from t_arithmetic where 90  < v1 - 10;
LOG:  statement: select count(*) from t_arithmetic where 90  < v1 - 10;
LOG:  kind file, filter rate: 1 / 2
 count 
-------
   100
(1 row)

select count(*) from t_arithmetic where 89  < v1 - 10;
LOG:  statement: select count(*) from t_arithmetic where 89  < v1 - 10;
LOG:  kind file, filter rate: 0 / 2
 count 
-------
   101
(1 row)

select count(*) from t_arithmetic where 491 < v1 - 10;
LOG:  statement: select count(*) from t_arithmetic where 491 < v1 - 10;
LOG:  kind file, filter rate: 2 / 2
 count 
-------
     0
(1 row)

select count(*) from t_arithmetic where 490 < v1 - 10;
LOG:  statement: select count(*) from t_arithmetic where 490 < v1 - 10;
LOG:  kind file, filter rate: 2 / 2
 count 
-------
     0
(1 row)

select count(*) from t_arithmetic where 489 < v1 - 10;
LOG:  statement: select count(*) from t_arithmetic where 489 < v1 - 10;
LOG:  kind file, filter rate: 1 / 2
 count 
-------
     1
(1 row)

select count(*) from t_arithmetic where v1 - 10 < -10;
LOG:  statement: select count(*) from t_arithmetic where v1 - 10 < -10;
LOG:  kind file, filter rate: 2 / 2
 count 
-------
     0
(1 row)

select count(*) from t_arithmetic where v1 - 10 < -9;
LOG:  statement: select count(*) from t_arithmetic where v1 - 10 < -9;
LOG:  kind file, filter rate: 2 / 2
 count 
-------
     0
(1 row)

select count(*) from t_arithmetic where v1 - 10 <= -9;
LOG:  statement: select count(*) from t_arithmetic where v1 - 10 <= -9;
LOG:  kind file, filter rate: 1 / 2
 count 
-------
     1
(1 row)

select count(*) from t_arithmetic where v1 - 10 < 391;
LOG:  statement: select count(*) from t_arithmetic where v1 - 10 < 391;
LOG:  kind file, filter rate: 1 / 2
 count 
-------
   100
(1 row)

select count(*) from t_arithmetic where v1 - 10 <= 391;
LOG:  statement: select count(*) from t_arithmetic where v1 - 10 <= 391;
LOG:  kind file, filter rate: 0 / 2
 count 
-------
   101
(1 row)

select count(*) from t_arithmetic where v1 - 10 < 392;
LOG:  statement: select count(*) from t_arithmetic where v1 - 10 < 392;
LOG:  kind file, filter rate: 0 / 2
 count 
-------
   101
(1 row)

-- (1000 - v1) file1: [900, 999] file2:[500, 599]
select count(*) from t_arithmetic where 1000 - v1 > 999;
LOG:  statement: select count(*) from t_arithmetic where 1000 - v1 > 999;
LOG:  kind file, filter rate: 2 / 2
 count 
-------
     0
(1 row)

select count(*) from t_arithmetic where 1000 - v1 >= 999;
LOG:  statement: select count(*) from t_arithmetic where 1000 - v1 >= 999;
LOG:  kind file, filter rate: 1 / 2
 count 
-------
     1
(1 row)

select count(*) from t_arithmetic where 1000 - v1 > 599;
LOG:  statement: select count(*) from t_arithmetic where 1000 - v1 > 599;
LOG:  kind file, filter rate: 1 / 2
 count 
-------
   100
(1 row)

select count(*) from t_arithmetic where 1000 - v1 >= 599;
LOG:  statement: select count(*) from t_arithmetic where 1000 - v1 >= 599;
LOG:  kind file, filter rate: 0 / 2
 count 
-------
   101
(1 row)

select count(*) from t_arithmetic where 1000 - v1 < 500;
LOG:  statement: select count(*) from t_arithmetic where 1000 - v1 < 500;
LOG:  kind file, filter rate: 2 / 2
 count 
-------
     0
(1 row)

select count(*) from t_arithmetic where 1000 - v1 <= 500;
LOG:  statement: select count(*) from t_arithmetic where 1000 - v1 <= 500;
LOG:  kind file, filter rate: 1 / 2
 count 
-------
     1
(1 row)

select count(*) from t_arithmetic where 1000 - v1 < 900;
LOG:  statement: select count(*) from t_arithmetic where 1000 - v1 < 900;
LOG:  kind file, filter rate: 1 / 2
 count 
-------
   100
(1 row)

select count(*) from t_arithmetic where 1000 - v1 <= 900;
LOG:  statement: select count(*) from t_arithmetic where 1000 - v1 <= 900;
LOG:  kind file, filter rate: 0 / 2
 count 
-------
   101
(1 row)

select count(*) from t_arithmetic where -10 >  v1 - 10;
LOG:  statement: select count(*) from t_arithmetic where -10 >  v1 - 10;
LOG:  kind file, filter rate: 2 / 2
 count 
-------
     0
(1 row)

select count(*) from t_arithmetic where -9  >  v1 - 10;
LOG:  statement: select count(*) from t_arithmetic where -9  >  v1 - 10;
LOG:  kind file, filter rate: 2 / 2
 count 
-------
     0
(1 row)

select count(*) from t_arithmetic where -9  >= v1 - 10;
LOG:  statement: select count(*) from t_arithmetic where -9  >= v1 - 10;
LOG:  kind file, filter rate: 1 / 2
 count 
-------
     1
(1 row)

select count(*) from t_arithmetic where 391 >  v1 - 10;
LOG:  statement: select count(*) from t_arithmetic where 391 >  v1 - 10;
LOG:  kind file, filter rate: 1 / 2
 count 
-------
   100
(1 row)

select count(*) from t_arithmetic where 391 >= v1 - 10;
LOG:  statement: select count(*) from t_arithmetic where 391 >= v1 - 10;
LOG:  kind file, filter rate: 0 / 2
 count 
-------
   101
(1 row)

select count(*) from t_arithmetic where 392 >  v1 - 10;
LOG:  statement: select count(*) from t_arithmetic where 392 >  v1 - 10;
LOG:  kind file, filter rate: 0 / 2
 count 
-------
   101
(1 row)

select count(*) from t_arithmetic where v1 - 10 > v2;
LOG:  statement: select count(*) from t_arithmetic where v1 - 10 > v2;
LOG:  kind file, filter rate: 2 / 2
 count 
-------
     0
(1 row)

select count(*) from t_arithmetic where v1 + 10 > v2;
LOG:  statement: select count(*) from t_arithmetic where v1 + 10 > v2;
LOG:  kind file, filter rate: 0 / 2
 count 
-------
     0
(1 row)

select count(*) from t_arithmetic where v1 - 10 > v2 - 10;
LOG:  statement: select count(*) from t_arithmetic where v1 - 10 > v2 - 10;
LOG:  kind file, filter rate: 2 / 2
 count 
-------
     0
(1 row)

select count(*) from t_arithmetic where v1 + 10 > v2 + 10;
LOG:  statement: select count(*) from t_arithmetic where v1 + 10 > v2 + 10;
LOG:  kind file, filter rate: 2 / 2
 count 
-------
     0
(1 row)

select count(*) from t_arithmetic where v1 - 10 < v2;
LOG:  statement: select count(*) from t_arithmetic where v1 - 10 < v2;
LOG:  kind file, filter rate: 0 / 2
 count 
-------
   200
(1 row)

select count(*) from t_arithmetic where v1 + 10 < v2;
LOG:  statement: select count(*) from t_arithmetic where v1 + 10 < v2;
LOG:  kind file, filter rate: 0 / 2
 count 
-------
   200
(1 row)

select count(*) from t_arithmetic where v1 + 1 > v2;
LOG:  statement: select count(*) from t_arithmetic where v1 + 1 > v2;
LOG:  kind file, filter rate: 2 / 2
 count 
-------
     0
(1 row)

select count(*) from t_arithmetic where v1 + 1 >= v2;
LOG:  statement: select count(*) from t_arithmetic where v1 + 1 >= v2;
LOG:  kind file, filter rate: 0 / 2
 count 
-------
     0
(1 row)

select count(*) from t_arithmetic where v1 > v2 - 1;
LOG:  statement: select count(*) from t_arithmetic where v1 > v2 - 1;
LOG:  kind file, filter rate: 2 / 2
 count 
-------
     0
(1 row)

select count(*) from t_arithmetic where v1 >= v2 - 1;
LOG:  statement: select count(*) from t_arithmetic where v1 >= v2 - 1;
LOG:  kind file, filter rate: 0 / 2
 count 
-------
     0
(1 row)

-- column v1 file1: [1, 100] file2:[401, 500]
-- column v2 file1: [101, 200] file2:[501, 600]
-- (v1 - v2) file1: [-199, -1] file2:[-199, -1]
-- (v1 + v2) file1: [102, 300] file2:[902, 1100]
-- (v1 + v1) file1: [2, 200] file2:[802, 1000]
-- (v1 - v1) file1: [-99, 99] file2:[-99, 99]
select count(*) from t_arithmetic where v1 - v2 > 0;
LOG:  statement: select count(*) from t_arithmetic where v1 - v2 > 0;
LOG:  kind file, filter rate: 2 / 2
 count 
-------
     0
(1 row)

select count(*) from t_arithmetic where v1 - v2 > -1;
LOG:  statement: select count(*) from t_arithmetic where v1 - v2 > -1;
LOG:  kind file, filter rate: 2 / 2
 count 
-------
     0
(1 row)

select count(*) from t_arithmetic where v1 - v2 >= -1;
LOG:  statement: select count(*) from t_arithmetic where v1 - v2 >= -1;
LOG:  kind file, filter rate: 0 / 2
 count 
-------
     0
(1 row)

select count(*) from t_arithmetic where v1 - v2 > -2;
LOG:  statement: select count(*) from t_arithmetic where v1 - v2 > -2;
LOG:  kind file, filter rate: 0 / 2
 count 
-------
     0
(1 row)

select count(*) from t_arithmetic where 0 < v1 - v2;
LOG:  statement: select count(*) from t_arithmetic where 0 < v1 - v2;
LOG:  kind file, filter rate: 2 / 2
 count 
-------
     0
(1 row)

select count(*) from t_arithmetic where -1 < v1 - v2;
LOG:  statement: select count(*) from t_arithmetic where -1 < v1 - v2;
LOG:  kind file, filter rate: 2 / 2
 count 
-------
     0
(1 row)

select count(*) from t_arithmetic where -1 <= v1 - v2;
LOG:  statement: select count(*) from t_arithmetic where -1 <= v1 - v2;
LOG:  kind file, filter rate: 0 / 2
 count 
-------
     0
(1 row)

select count(*) from t_arithmetic where -2 < v1 - v2;
LOG:  statement: select count(*) from t_arithmetic where -2 < v1 - v2;
LOG:  kind file, filter rate: 0 / 2
 count 
-------
     0
(1 row)

select count(*) from t_arithmetic where v1 + v2 < 102;
LOG:  statement: select count(*) from t_arithmetic where v1 + v2 < 102;
LOG:  kind file, filter rate: 2 / 2
 count 
-------
     0
(1 row)

select count(*) from t_arithmetic where v1 + v2 <= 102;
LOG:  statement: select count(*) from t_arithmetic where v1 + v2 <= 102;
LOG:  kind file, filter rate: 1 / 2
 count 
-------
     1
(1 row)

select count(*) from t_arithmetic where v1 + v2 < 902;
LOG:  statement: select count(*) from t_arithmetic where v1 + v2 < 902;
LOG:  kind file, filter rate: 1 / 2
 count 
-------
   100
(1 row)

select count(*) from t_arithmetic where v1 + v2 <= 902;
LOG:  statement: select count(*) from t_arithmetic where v1 + v2 <= 902;
LOG:  kind file, filter rate: 0 / 2
 count 
-------
   101
(1 row)

select count(*) from t_arithmetic where v1 + v2 > 1100;
LOG:  statement: select count(*) from t_arithmetic where v1 + v2 > 1100;
LOG:  kind file, filter rate: 2 / 2
 count 
-------
     0
(1 row)

select count(*) from t_arithmetic where v1 + v2 >= 1100;
LOG:  statement: select count(*) from t_arithmetic where v1 + v2 >= 1100;
LOG:  kind file, filter rate: 1 / 2
 count 
-------
     1
(1 row)

select count(*) from t_arithmetic where v1 + v2 > 300;
LOG:  statement: select count(*) from t_arithmetic where v1 + v2 > 300;
LOG:  kind file, filter rate: 1 / 2
 count 
-------
   100
(1 row)

select count(*) from t_arithmetic where v1 + v2 >= 300;
LOG:  statement: select count(*) from t_arithmetic where v1 + v2 >= 300;
LOG:  kind file, filter rate: 0 / 2
 count 
-------
   101
(1 row)

select count(*) from t_arithmetic where v2 + v1 < 102;
LOG:  statement: select count(*) from t_arithmetic where v2 + v1 < 102;
LOG:  kind file, filter rate: 2 / 2
 count 
-------
     0
(1 row)

select count(*) from t_arithmetic where v2 + v1 <= 102;
LOG:  statement: select count(*) from t_arithmetic where v2 + v1 <= 102;
LOG:  kind file, filter rate: 1 / 2
 count 
-------
     1
(1 row)

select count(*) from t_arithmetic where v2 + v1 < 902;
LOG:  statement: select count(*) from t_arithmetic where v2 + v1 < 902;
LOG:  kind file, filter rate: 1 / 2
 count 
-------
   100
(1 row)

select count(*) from t_arithmetic where v2 + v1 <= 902;
LOG:  statement: select count(*) from t_arithmetic where v2 + v1 <= 902;
LOG:  kind file, filter rate: 0 / 2
 count 
-------
   101
(1 row)

select count(*) from t_arithmetic where v2 + v1 > 1100;
LOG:  statement: select count(*) from t_arithmetic where v2 + v1 > 1100;
LOG:  kind file, filter rate: 2 / 2
 count 
-------
     0
(1 row)

select count(*) from t_arithmetic where v2 + v1 >= 1100;
LOG:  statement: select count(*) from t_arithmetic where v2 + v1 >= 1100;
LOG:  kind file, filter rate: 1 / 2
 count 
-------
     1
(1 row)

select count(*) from t_arithmetic where v2 + v1 > 300;
LOG:  statement: select count(*) from t_arithmetic where v2 + v1 > 300;
LOG:  kind file, filter rate: 1 / 2
 count 
-------
   100
(1 row)

select count(*) from t_arithmetic where v2 + v1 >= 300;
LOG:  statement: select count(*) from t_arithmetic where v2 + v1 >= 300;
LOG:  kind file, filter rate: 0 / 2
 count 
-------
   101
(1 row)

select count(*) from t_arithmetic where v1 + v1 < 2;
LOG:  statement: select count(*) from t_arithmetic where v1 + v1 < 2;
LOG:  kind file, filter rate: 2 / 2
 count 
-------
     0
(1 row)

select count(*) from t_arithmetic where v1 + v1 <= 2;
LOG:  statement: select count(*) from t_arithmetic where v1 + v1 <= 2;
LOG:  kind file, filter rate: 1 / 2
 count 
-------
     1
(1 row)

select count(*) from t_arithmetic where v1 + v1 < 802;
LOG:  statement: select count(*) from t_arithmetic where v1 + v1 < 802;
LOG:  kind file, filter rate: 1 / 2
 count 
-------
   100
(1 row)

select count(*) from t_arithmetic where v1 + v1 <= 802;
LOG:  statement: select count(*) from t_arithmetic where v1 + v1 <= 802;
LOG:  kind file, filter rate: 0 / 2
 count 
-------
   101
(1 row)

select count(*) from t_arithmetic where v1 + v1 > 1000;
LOG:  statement: select count(*) from t_arithmetic where v1 + v1 > 1000;
LOG:  kind file, filter rate: 2 / 2
 count 
-------
     0
(1 row)

select count(*) from t_arithmetic where v1 + v1 >= 1000;
LOG:  statement: select count(*) from t_arithmetic where v1 + v1 >= 1000;
LOG:  kind file, filter rate: 1 / 2
 count 
-------
     1
(1 row)

select count(*) from t_arithmetic where v1 + v1 > 200;
LOG:  statement: select count(*) from t_arithmetic where v1 + v1 > 200;
LOG:  kind file, filter rate: 1 / 2
 count 
-------
   100
(1 row)

select count(*) from t_arithmetic where v1 + v1 >= 200;
LOG:  statement: select count(*) from t_arithmetic where v1 + v1 >= 200;
LOG:  kind file, filter rate: 0 / 2
 count 
-------
   101
(1 row)

select count(*) from t_arithmetic where v1 - v1 > 99;
LOG:  statement: select count(*) from t_arithmetic where v1 - v1 > 99;
LOG:  kind file, filter rate: 2 / 2
 count 
-------
     0
(1 row)

select count(*) from t_arithmetic where v1 - v1 >= 99;
LOG:  statement: select count(*) from t_arithmetic where v1 - v1 >= 99;
LOG:  kind file, filter rate: 0 / 2
 count 
-------
     0
(1 row)

select count(*) from t_arithmetic where v1 - v1 < -99;
LOG:  statement: select count(*) from t_arithmetic where v1 - v1 < -99;
LOG:  kind file, filter rate: 2 / 2
 count 
-------
     0
(1 row)

select count(*) from t_arithmetic where v1 - v1 <= -99;
LOG:  statement: select count(*) from t_arithmetic where v1 - v1 <= -99;
LOG:  kind file, filter rate: 0 / 2
 count 
-------
     0
(1 row)

-- column v1 file1: [-9, 90] file2:[391, 490]
select count(*) from t_arithmetic where v1 - 10 > v2 + 10; -- column v2 file1: [111, 210] file2:[511, 610]
LOG:  statement: select count(*) from t_arithmetic where v1 - 10 > v2 + 10;
LOG:  kind file, filter rate: 2 / 2
 count 
-------
     0
(1 row)

select count(*) from t_arithmetic where v1 - 10 > v2 - 10; -- column v2 file1: [91, 190] file2:[491, 590]
LOG:  statement: select count(*) from t_arithmetic where v1 - 10 > v2 - 10;
LOG:  kind file, filter rate: 2 / 2
 count 
-------
     0
(1 row)

select count(*) from t_arithmetic where v1 - 10 > v2 - 11; -- column v2 file1: [90, 189] file2:[490, 589]
LOG:  statement: select count(*) from t_arithmetic where v1 - 10 > v2 - 11;
LOG:  kind file, filter rate: 2 / 2
 count 
-------
     0
(1 row)

select count(*) from t_arithmetic where v1 - 10 >= v2 - 11; -- column v2 file1: [90, 189] file2:[490, 589]
LOG:  statement: select count(*) from t_arithmetic where v1 - 10 >= v2 - 11;
LOG:  kind file, filter rate: 0 / 2
 count 
-------
     0
(1 row)

select count(*) from t_arithmetic where v1 - 10 > v2 - 12;  -- column v2 file1: [89, 188] file2:[489, 588]
LOG:  statement: select count(*) from t_arithmetic where v1 - 10 > v2 - 12;
LOG:  kind file, filter rate: 0 / 2
 count 
-------
     0
(1 row)

select count(*) from t_arithmetic where v1 - 10 > v2 - 1000; -- column v2 min/max less than v1
LOG:  statement: select count(*) from t_arithmetic where v1 - 10 > v2 - 1000;
LOG:  kind file, filter rate: 0 / 2
 count 
-------
   200
(1 row)

-- +-* others
select count(*) from t_arithmetic where v1 - 10 > (v2 + 100) - 20;
LOG:  statement: select count(*) from t_arithmetic where v1 - 10 > (v2 + 100) - 20;
LOG:  kind file, filter rate: 2 / 2
 count 
-------
     0
(1 row)

select count(*) from t_arithmetic where v1 + 10 > (v2 + 200) - 10;
LOG:  statement: select count(*) from t_arithmetic where v1 + 10 > (v2 + 200) - 10;
LOG:  kind file, filter rate: 2 / 2
 count 
-------
     0
(1 row)

select count(*) from t_arithmetic where v1 + v2 < v3;
LOG:  statement: select count(*) from t_arithmetic where v1 + v2 < v3;
LOG:  kind file, filter rate: 1 / 2
 count 
-------
    99
(1 row)

select count(*) from t_arithmetic where intrc(v1) + 10 > v2;
LOG:  statement: select count(*) from t_arithmetic where intrc(v1) + 10 > v2;
 count 
-------
     0
(1 row)

-- mul oper
-- 1. left = [pos, pos] right = [pos, pos]
-- min = lmin * rmin, max = lmax * rmax
-- 2. left = [pos, pos], right = [neg, pos]
--   min = lmax * rmin, max = lmax * rmax
-- 3. left = [pos, pos], right = [neg, neg]
--   min = lmax * rmin, max = lmin * rmax
-- 4. left = [neg, pos], right = [pos, pos] -- 
--   min = lmin * rmax, max = lmax * rmax
-- 5. left = [neg, pos], right = [neg, pos]
--   min = min(lmin * rmax, lmax * rmin), max = max(lmax * rmax, lmin * rmin)
-- 6. left = [neg, pos], right = [neg, neg]
--   min = lmax * rmin, max = lmin * rmin
-- 7. left = [neg, neg], right = [pos, pos]
--   min = min(lmin * rmax, lmax * rmin), max = lmax * lmin
-- 8. left = [neg, neg], right = [neg, pos]
--   min = lmin * rmax, max = lmin * rmin
-- 9. left = [neg, neg], right = [neg, neg]
--   min = lmax * rmax, max = lmin * rmin
-- ta_mul [1, 100], [-100, -1], [-50, 49]
-- case1: v1 * v1: [1, 10000] - [pos, pos] * [pos, pos]
select count(*) from ta_mul where v1 * v1 < 1;
LOG:  statement: select count(*) from ta_mul where v1 * v1 < 1;
LOG:  kind file, filter rate: 1 / 1
 count 
-------
     0
(1 row)

select count(*) from ta_mul where v1 * v1 <= 1;
LOG:  statement: select count(*) from ta_mul where v1 * v1 <= 1;
LOG:  kind file, filter rate: 0 / 1
 count 
-------
     1
(1 row)

select count(*) from ta_mul where v1 * v1 > 10000;
LOG:  statement: select count(*) from ta_mul where v1 * v1 > 10000;
LOG:  kind file, filter rate: 1 / 1
 count 
-------
     0
(1 row)

select count(*) from ta_mul where v1 * v1 >= 10000;
LOG:  statement: select count(*) from ta_mul where v1 * v1 >= 10000;
LOG:  kind file, filter rate: 0 / 1
 count 
-------
     1
(1 row)

-- case2: v1 * v3: [-5000, 4900] - [pos, pos] * [neg, pos]
select count(*) from ta_mul where v1 * v3 < -5000;
LOG:  statement: select count(*) from ta_mul where v1 * v3 < -5000;
LOG:  kind file, filter rate: 1 / 1
 count 
-------
     0
(1 row)

select count(*) from ta_mul where v1 * v3 <= -5000;
LOG:  statement: select count(*) from ta_mul where v1 * v3 <= -5000;
LOG:  kind file, filter rate: 0 / 1
 count 
-------
     0
(1 row)

select count(*) from ta_mul where v1 * v3 > 4900;
LOG:  statement: select count(*) from ta_mul where v1 * v3 > 4900;
LOG:  kind file, filter rate: 1 / 1
 count 
-------
     0
(1 row)

select count(*) from ta_mul where v1 * v3 >= 4900;
LOG:  statement: select count(*) from ta_mul where v1 * v3 >= 4900;
LOG:  kind file, filter rate: 0 / 1
 count 
-------
     1
(1 row)

-- case3: v1 * v2: [-10000, -1] - [pos, pos] * [neg, neg]
select count(*) from ta_mul where v1 * v2 < -10000;
LOG:  statement: select count(*) from ta_mul where v1 * v2 < -10000;
LOG:  kind file, filter rate: 1 / 1
 count 
-------
     0
(1 row)

select count(*) from ta_mul where v1 * v2 <= -10000;
LOG:  statement: select count(*) from ta_mul where v1 * v2 <= -10000;
LOG:  kind file, filter rate: 0 / 1
 count 
-------
     0
(1 row)

select count(*) from ta_mul where v1 * v2 > -1;
LOG:  statement: select count(*) from ta_mul where v1 * v2 > -1;
LOG:  kind file, filter rate: 1 / 1
 count 
-------
     0
(1 row)

select count(*) from ta_mul where v1 * v2 >= -1;
LOG:  statement: select count(*) from ta_mul where v1 * v2 >= -1;
LOG:  kind file, filter rate: 0 / 1
 count 
-------
     0
(1 row)

-- case4: v3 * v1: [-5000, 4900] - [neg, pos] * [pos, pos]
select count(*) from ta_mul where v3 * v1 < -5000;
LOG:  statement: select count(*) from ta_mul where v3 * v1 < -5000;
LOG:  kind file, filter rate: 1 / 1
 count 
-------
     0
(1 row)

select count(*) from ta_mul where v3 * v1 <= -5000;
LOG:  statement: select count(*) from ta_mul where v3 * v1 <= -5000;
LOG:  kind file, filter rate: 0 / 1
 count 
-------
     0
(1 row)

select count(*) from ta_mul where v3 * v1 > 4900;
LOG:  statement: select count(*) from ta_mul where v3 * v1 > 4900;
LOG:  kind file, filter rate: 1 / 1
 count 
-------
     0
(1 row)

select count(*) from ta_mul where v3 * v1 >= 4900;
LOG:  statement: select count(*) from ta_mul where v3 * v1 >= 4900;
LOG:  kind file, filter rate: 0 / 1
 count 
-------
     1
(1 row)

-- case5: v3 * v3: [-2450, 2500] - [neg, pos] * [neg, pos]
select count(*) from ta_mul where v3 * v3 < -2450;
LOG:  statement: select count(*) from ta_mul where v3 * v3 < -2450;
LOG:  kind file, filter rate: 1 / 1
 count 
-------
     0
(1 row)

select count(*) from ta_mul where v3 * v3 <= -2450;
LOG:  statement: select count(*) from ta_mul where v3 * v3 <= -2450;
LOG:  kind file, filter rate: 0 / 1
 count 
-------
     0
(1 row)

select count(*) from ta_mul where v3 * v3 > 2500;
LOG:  statement: select count(*) from ta_mul where v3 * v3 > 2500;
LOG:  kind file, filter rate: 1 / 1
 count 
-------
     0
(1 row)

select count(*) from ta_mul where v3 * v3 >= 2500;
LOG:  statement: select count(*) from ta_mul where v3 * v3 >= 2500;
LOG:  kind file, filter rate: 0 / 1
 count 
-------
     1
(1 row)

-- case6: v3 * v2: [-4900, 5000] - [neg, pos] * [neg, neg]
select count(*) from ta_mul where v3 * v2 < -4900;
LOG:  statement: select count(*) from ta_mul where v3 * v2 < -4900;
LOG:  kind file, filter rate: 1 / 1
 count 
-------
     0
(1 row)

select count(*) from ta_mul where v3 * v2 <= -4900;
LOG:  statement: select count(*) from ta_mul where v3 * v2 <= -4900;
LOG:  kind file, filter rate: 0 / 1
 count 
-------
     0
(1 row)

select count(*) from ta_mul where v3 * v2 > 5000;
LOG:  statement: select count(*) from ta_mul where v3 * v2 > 5000;
LOG:  kind file, filter rate: 1 / 1
 count 
-------
     0
(1 row)

select count(*) from ta_mul where v3 * v2 >= 5000;
LOG:  statement: select count(*) from ta_mul where v3 * v2 >= 5000;
LOG:  kind file, filter rate: 0 / 1
 count 
-------
     1
(1 row)

-- case7: v2 * v1: [-10000, -1] - [neg, neg] * [pos, pos]
select count(*) from ta_mul where v2 * v1 < -10000;
LOG:  statement: select count(*) from ta_mul where v2 * v1 < -10000;
LOG:  kind file, filter rate: 1 / 1
 count 
-------
     0
(1 row)

select count(*) from ta_mul where v2 * v1 <= -10000;
LOG:  statement: select count(*) from ta_mul where v2 * v1 <= -10000;
LOG:  kind file, filter rate: 0 / 1
 count 
-------
     0
(1 row)

select count(*) from ta_mul where v2 * v1 > -1;
LOG:  statement: select count(*) from ta_mul where v2 * v1 > -1;
LOG:  kind file, filter rate: 1 / 1
 count 
-------
     0
(1 row)

select count(*) from ta_mul where v2 * v1 >= -1;
LOG:  statement: select count(*) from ta_mul where v2 * v1 >= -1;
LOG:  kind file, filter rate: 0 / 1
 count 
-------
     0
(1 row)

-- case8: v2 * v3: [-4900, 5000] - [neg, neg] * [neg, pos]
select count(*) from ta_mul where v2 * v3 < -4900;
LOG:  statement: select count(*) from ta_mul where v2 * v3 < -4900;
LOG:  kind file, filter rate: 1 / 1
 count 
-------
     0
(1 row)

select count(*) from ta_mul where v2 * v3 <= -4900;
LOG:  statement: select count(*) from ta_mul where v2 * v3 <= -4900;
LOG:  kind file, filter rate: 0 / 1
 count 
-------
     0
(1 row)

select count(*) from ta_mul where v2 * v3 > 5000;
LOG:  statement: select count(*) from ta_mul where v2 * v3 > 5000;
LOG:  kind file, filter rate: 1 / 1
 count 
-------
     0
(1 row)

select count(*) from ta_mul where v2 * v3 >= 5000;
LOG:  statement: select count(*) from ta_mul where v2 * v3 >= 5000;
LOG:  kind file, filter rate: 0 / 1
 count 
-------
     1
(1 row)

-- case9: v2 * v2: [1, 10000] - [neg, neg] * [neg, neg]
select count(*) from ta_mul where v2 * v2 < 1;
LOG:  statement: select count(*) from ta_mul where v2 * v2 < 1;
LOG:  kind file, filter rate: 1 / 1
 count 
-------
     0
(1 row)

select count(*) from ta_mul where v2 * v2 <= 1;
LOG:  statement: select count(*) from ta_mul where v2 * v2 <= 1;
LOG:  kind file, filter rate: 0 / 1
 count 
-------
     1
(1 row)

select count(*) from ta_mul where v2 * v2 > 10000;
LOG:  statement: select count(*) from ta_mul where v2 * v2 > 10000;
LOG:  kind file, filter rate: 1 / 1
 count 
-------
     0
(1 row)

select count(*) from ta_mul where v2 * v2 >= 10000;
LOG:  statement: select count(*) from ta_mul where v2 * v2 >= 10000;
LOG:  kind file, filter rate: 0 / 1
 count 
-------
     1
(1 row)

reset client_min_messages;
LOG:  statement: reset client_min_messages;
drop table t_arithmetic;
drop table ta_mul;
