-- start_matchignore
-- m/LOG:  statement:/
-- m/no filter/
-- m/scan key build success/
-- end_matchignore
set default_table_access_method to pax;
set pax_enable_debug to on;
set pax_enable_sparse_filter to on;
set pax_max_tuples_per_group to 5;
-- 
-- Test the bool min/max types support 
-- 
create table t_bool(i int, v bool) with(minmax_columns='v');
NOTICE:  Table doesn't have 'DISTRIBUTED BY' clause -- Using column named 'i' as the Cloudberry Database data distribution key for this table.
HINT:  The 'DISTRIBUTED BY' clause determines the distribution of data. Make sure column(s) chosen are the optimal data distribution key to minimize skew.
insert into t_bool(i, v) SELECT 1, true FROM generate_series(1, 10);
insert into t_bool(i, v) SELECT 1, false FROM generate_series(1, 10);
insert into t_bool(i, v) values(1, true), (1, true), (1, true), (1, true), (1, true), 
(1, false), (1, false), (1, false), (1, false), (1, false);
set client_min_messages to log;
select count(*) from t_bool where v > false;
LOG:  kind file, filter rate: 1 / 3  (seg1 slice1 10.13.9.100:7003 pid=28346)
 count 
-------
    15
(1 row)

select count(*) from t_bool where v > true;
LOG:  kind file, filter rate: 3 / 3  (seg1 slice1 10.13.9.100:7003 pid=28346)
 count 
-------
     0
(1 row)

select count(*) from t_bool where v >= true;
LOG:  kind file, filter rate: 1 / 3  (seg1 slice1 10.13.9.100:7003 pid=28346)
 count 
-------
    15
(1 row)

select count(*) from t_bool where v >= false;
LOG:  kind file, filter rate: 0 / 3  (seg1 slice1 10.13.9.100:7003 pid=28346)
 count 
-------
    30
(1 row)

select count(*) from t_bool where v < false;
LOG:  kind file, filter rate: 3 / 3  (seg1 slice1 10.13.9.100:7003 pid=28346)
 count 
-------
     0
(1 row)

select count(*) from t_bool where v < true;
LOG:  kind file, filter rate: 1 / 3  (seg1 slice1 10.13.9.100:7003 pid=28346)
 count 
-------
    15
(1 row)

select count(*) from t_bool where v <= true;
LOG:  kind file, filter rate: 0 / 3  (seg1 slice1 10.13.9.100:7003 pid=28346)
 count 
-------
    30
(1 row)

select count(*) from t_bool where v <= false;
LOG:  kind file, filter rate: 1 / 3  (seg1 slice1 10.13.9.100:7003 pid=28346)
 count 
-------
    15
(1 row)

select count(*) from t_bool where v = false;
 count 
-------
    15
(1 row)

select count(*) from t_bool where v = true;
 count 
-------
    15
(1 row)

reset client_min_messages;
LOG:  statement: reset client_min_messages;
drop table t_bool;
-- 
-- Test the char min/max types support 
-- 
create table t_char(i int, v char) with(minmax_columns='v');
NOTICE:  Table doesn't have 'DISTRIBUTED BY' clause -- Using column named 'i' as the Cloudberry Database data distribution key for this table.
HINT:  The 'DISTRIBUTED BY' clause determines the distribution of data. Make sure column(s) chosen are the optimal data distribution key to minimize skew.
insert into t_char(i, v) SELECT 1, '1' FROM generate_series(1, 10);
insert into t_char(i, v) SELECT 1, '2' FROM generate_series(1, 10);
insert into t_char(i, v) values(1, '1'), (1, '1'), (1, '1'), (1, '1'), (1, '1'), 
(1, '2'), (1, '2'), (1, '2'), (1, '2'), (1, '2');
set client_min_messages to log;
select count(*) from t_char where v > '1';
LOG:  kind file, filter rate: 1 / 3  (seg1 slice1 10.13.9.100:7003 pid=28346)
 count 
-------
    15
(1 row)

select count(*) from t_char where v > '2';
LOG:  kind file, filter rate: 3 / 3  (seg1 slice1 10.13.9.100:7003 pid=28346)
 count 
-------
     0
(1 row)

select count(*) from t_char where v >= '1';
LOG:  kind file, filter rate: 0 / 3  (seg1 slice1 10.13.9.100:7003 pid=28346)
 count 
-------
    30
(1 row)

select count(*) from t_char where v >= '2';
LOG:  kind file, filter rate: 1 / 3  (seg1 slice1 10.13.9.100:7003 pid=28346)
 count 
-------
    15
(1 row)

select count(*) from t_char where v < '2';
LOG:  kind file, filter rate: 1 / 3  (seg1 slice1 10.13.9.100:7003 pid=28346)
 count 
-------
    15
(1 row)

select count(*) from t_char where v < '1';
LOG:  kind file, filter rate: 3 / 3  (seg1 slice1 10.13.9.100:7003 pid=28346)
 count 
-------
     0
(1 row)

select count(*) from t_char where v <= '1';
LOG:  kind file, filter rate: 1 / 3  (seg1 slice1 10.13.9.100:7003 pid=28346)
 count 
-------
    15
(1 row)

select count(*) from t_char where v <= '2';
LOG:  kind file, filter rate: 0 / 3  (seg1 slice1 10.13.9.100:7003 pid=28346)
 count 
-------
    30
(1 row)

select count(*) from t_char where v = '2';
LOG:  kind file, filter rate: 1 / 3  (seg1 slice1 10.13.9.100:7003 pid=28346)
 count 
-------
    15
(1 row)

select count(*) from t_char where v = '1';
LOG:  kind file, filter rate: 1 / 3  (seg1 slice1 10.13.9.100:7003 pid=28346)
 count 
-------
    15
(1 row)

reset client_min_messages;
LOG:  statement: reset client_min_messages;
drop table t_char;
-- 
-- Test the bytea min/max types support 
-- 
create table t_bytea(i int, v bytea) with(minmax_columns='v');
NOTICE:  Table doesn't have 'DISTRIBUTED BY' clause -- Using column named 'i' as the Cloudberry Database data distribution key for this table.
HINT:  The 'DISTRIBUTED BY' clause determines the distribution of data. Make sure column(s) chosen are the optimal data distribution key to minimize skew.
insert into t_bytea(i, v) SELECT 1, '1' FROM generate_series(1, 10);
insert into t_bytea(i, v) SELECT 1, '2' FROM generate_series(1, 10);
insert into t_bytea(i, v) values(1, '1'), (1, '1'), (1, '1'), (1, '1'), (1, '1'), 
(1, '2'), (1, '2'), (1, '2'), (1, '2'), (1, '2');
set client_min_messages to log;
select count(*) from t_bytea where v > '1';
LOG:  kind file, filter rate: 1 / 3  (seg1 slice1 10.13.9.100:7003 pid=28346)
 count 
-------
    15
(1 row)

select count(*) from t_bytea where v > '2';
LOG:  kind file, filter rate: 3 / 3  (seg1 slice1 10.13.9.100:7003 pid=28346)
 count 
-------
     0
(1 row)

select count(*) from t_bytea where v >= '1';
LOG:  kind file, filter rate: 0 / 3  (seg1 slice1 10.13.9.100:7003 pid=28346)
 count 
-------
    30
(1 row)

select count(*) from t_bytea where v >= '2';
LOG:  kind file, filter rate: 1 / 3  (seg1 slice1 10.13.9.100:7003 pid=28346)
 count 
-------
    15
(1 row)

select count(*) from t_bytea where v < '2';
LOG:  kind file, filter rate: 1 / 3  (seg1 slice1 10.13.9.100:7003 pid=28346)
 count 
-------
    15
(1 row)

select count(*) from t_bytea where v < '1';
LOG:  kind file, filter rate: 3 / 3  (seg1 slice1 10.13.9.100:7003 pid=28346)
 count 
-------
     0
(1 row)

select count(*) from t_bytea where v <= '1';
LOG:  kind file, filter rate: 1 / 3  (seg1 slice1 10.13.9.100:7003 pid=28346)
 count 
-------
    15
(1 row)

select count(*) from t_bytea where v <= '2';
LOG:  kind file, filter rate: 0 / 3  (seg1 slice1 10.13.9.100:7003 pid=28346)
 count 
-------
    30
(1 row)

select count(*) from t_bytea where v = '2';
LOG:  kind file, filter rate: 1 / 3  (seg1 slice1 10.13.9.100:7003 pid=28346)
 count 
-------
    15
(1 row)

select count(*) from t_bytea where v = '1';
LOG:  kind file, filter rate: 1 / 3  (seg1 slice1 10.13.9.100:7003 pid=28346)
 count 
-------
    15
(1 row)

reset client_min_messages;
LOG:  statement: reset client_min_messages;
drop table t_bytea;
-- 
-- Test the bit min/max types support 
-- 
create table t_bit(i int, v bit) with(minmax_columns='v');
NOTICE:  Table doesn't have 'DISTRIBUTED BY' clause -- Using column named 'i' as the Cloudberry Database data distribution key for this table.
HINT:  The 'DISTRIBUTED BY' clause determines the distribution of data. Make sure column(s) chosen are the optimal data distribution key to minimize skew.
insert into t_bit(i, v) SELECT 1, '0' FROM generate_series(1, 10);
insert into t_bit(i, v) SELECT 1, '1' FROM generate_series(1, 10);
insert into t_bit(i, v) values(1, '0'), (1, '0'), (1, '0'), (1, '0'), (1, '0'),
(1, '1'), (1, '1'), (1, '1'), (1, '1'), (1, '1');
set client_min_messages to log;
select count(*) from t_bit where v > '1'::bit;
LOG:  kind file, filter rate: 3 / 3  (seg1 slice1 10.13.9.100:7003 pid=28346)
 count 
-------
     0
(1 row)

select count(*) from t_bit where v > '0'::bit;
LOG:  kind file, filter rate: 1 / 3  (seg1 slice1 10.13.9.100:7003 pid=28346)
 count 
-------
    15
(1 row)

select count(*) from t_bit where v >= '1'::bit;
LOG:  kind file, filter rate: 1 / 3  (seg1 slice1 10.13.9.100:7003 pid=28346)
 count 
-------
    15
(1 row)

select count(*) from t_bit where v >= '0'::bit;
LOG:  kind file, filter rate: 0 / 3  (seg1 slice1 10.13.9.100:7003 pid=28346)
 count 
-------
    30
(1 row)

select count(*) from t_bit where v < '0'::bit;
LOG:  kind file, filter rate: 3 / 3  (seg1 slice1 10.13.9.100:7003 pid=28346)
 count 
-------
     0
(1 row)

select count(*) from t_bit where v < '1'::bit;
LOG:  kind file, filter rate: 1 / 3  (seg1 slice1 10.13.9.100:7003 pid=28346)
 count 
-------
    15
(1 row)

select count(*) from t_bit where v <= '1'::bit;
LOG:  kind file, filter rate: 0 / 3  (seg1 slice1 10.13.9.100:7003 pid=28346)
 count 
-------
    30
(1 row)

select count(*) from t_bit where v <= '0'::bit;
LOG:  kind file, filter rate: 1 / 3  (seg1 slice1 10.13.9.100:7003 pid=28346)
 count 
-------
    15
(1 row)

select count(*) from t_bit where v = '0'::bit;
LOG:  kind file, filter rate: 1 / 3  (seg1 slice1 10.13.9.100:7003 pid=28346)
 count 
-------
    15
(1 row)

select count(*) from t_bit where v = '1'::bit;
LOG:  kind file, filter rate: 1 / 3  (seg1 slice1 10.13.9.100:7003 pid=28346)
 count 
-------
    15
(1 row)

-- oper(bit, varbit)
select count(*) from t_bit where v > '1'::varbit;
LOG:  kind file, filter rate: 3 / 3  (seg1 slice1 10.13.9.100:7003 pid=28346)
 count 
-------
     0
(1 row)

select count(*) from t_bit where v > '0'::varbit;
LOG:  kind file, filter rate: 1 / 3  (seg1 slice1 10.13.9.100:7003 pid=28346)
 count 
-------
    15
(1 row)

select count(*) from t_bit where v >= '1'::varbit;
LOG:  kind file, filter rate: 1 / 3  (seg1 slice1 10.13.9.100:7003 pid=28346)
 count 
-------
    15
(1 row)

select count(*) from t_bit where v >= '0'::varbit;
LOG:  kind file, filter rate: 0 / 3  (seg1 slice1 10.13.9.100:7003 pid=28346)
 count 
-------
    30
(1 row)

select count(*) from t_bit where v < '0'::varbit;
LOG:  kind file, filter rate: 3 / 3  (seg1 slice1 10.13.9.100:7003 pid=28346)
 count 
-------
     0
(1 row)

select count(*) from t_bit where v < '1'::varbit;
LOG:  kind file, filter rate: 1 / 3  (seg1 slice1 10.13.9.100:7003 pid=28346)
 count 
-------
    15
(1 row)

select count(*) from t_bit where v <= '1'::varbit;
LOG:  kind file, filter rate: 0 / 3  (seg1 slice1 10.13.9.100:7003 pid=28346)
 count 
-------
    30
(1 row)

select count(*) from t_bit where v <= '0'::varbit;
LOG:  kind file, filter rate: 1 / 3  (seg1 slice1 10.13.9.100:7003 pid=28346)
 count 
-------
    15
(1 row)

select count(*) from t_bit where v = '0'::varbit;
LOG:  kind file, filter rate: 1 / 3  (seg1 slice1 10.13.9.100:7003 pid=28346)
 count 
-------
    15
(1 row)

select count(*) from t_bit where v = '1'::varbit;
LOG:  kind file, filter rate: 1 / 3  (seg1 slice1 10.13.9.100:7003 pid=28346)
 count 
-------
    15
(1 row)

reset client_min_messages;
LOG:  statement: reset client_min_messages;
drop table t_bit;
-- 
-- Test the varbit min/max types support 
-- 
create table t_varbit(i int, v varbit) with(minmax_columns='v');
NOTICE:  Table doesn't have 'DISTRIBUTED BY' clause -- Using column named 'i' as the Cloudberry Database data distribution key for this table.
HINT:  The 'DISTRIBUTED BY' clause determines the distribution of data. Make sure column(s) chosen are the optimal data distribution key to minimize skew.
insert into t_varbit(i, v) SELECT 1, '0' FROM generate_series(1, 10);
insert into t_varbit(i, v) SELECT 1, '1' FROM generate_series(1, 10);
insert into t_varbit(i, v) values (1, '0'), (1, '0'), (1, '0'), (1, '0'), (1, '0'),
(1, '1'), (1, '1'), (1, '1'), (1, '1'), (1, '1');
set client_min_messages to log;
select count(*) from t_varbit where v > '1'::varbit;
LOG:  kind file, filter rate: 3 / 3  (seg1 slice1 10.13.9.100:7003 pid=28346)
 count 
-------
     0
(1 row)

select count(*) from t_varbit where v > '0'::varbit;
LOG:  kind file, filter rate: 1 / 3  (seg1 slice1 10.13.9.100:7003 pid=28346)
 count 
-------
    15
(1 row)

select count(*) from t_varbit where v >= '1'::varbit;
LOG:  kind file, filter rate: 1 / 3  (seg1 slice1 10.13.9.100:7003 pid=28346)
 count 
-------
    15
(1 row)

select count(*) from t_varbit where v >= '0'::varbit;
LOG:  kind file, filter rate: 0 / 3  (seg1 slice1 10.13.9.100:7003 pid=28346)
 count 
-------
    30
(1 row)

select count(*) from t_varbit where v < '0'::varbit;
LOG:  kind file, filter rate: 3 / 3  (seg1 slice1 10.13.9.100:7003 pid=28346)
 count 
-------
     0
(1 row)

select count(*) from t_varbit where v < '1'::varbit;
LOG:  kind file, filter rate: 1 / 3  (seg1 slice1 10.13.9.100:7003 pid=28346)
 count 
-------
    15
(1 row)

select count(*) from t_varbit where v <= '1'::varbit;
LOG:  kind file, filter rate: 0 / 3  (seg1 slice1 10.13.9.100:7003 pid=28346)
 count 
-------
    30
(1 row)

select count(*) from t_varbit where v <= '0'::varbit;
LOG:  kind file, filter rate: 1 / 3  (seg1 slice1 10.13.9.100:7003 pid=28346)
 count 
-------
    15
(1 row)

select count(*) from t_varbit where v = '0'::varbit;
LOG:  kind file, filter rate: 1 / 3  (seg1 slice1 10.13.9.100:7003 pid=28346)
 count 
-------
    15
(1 row)

select count(*) from t_varbit where v = '1'::varbit;
LOG:  kind file, filter rate: 1 / 3  (seg1 slice1 10.13.9.100:7003 pid=28346)
 count 
-------
    15
(1 row)

-- oper(varbit, bit)
select count(*) from t_varbit where v > '1'::bit;
LOG:  kind file, filter rate: 3 / 3  (seg1 slice1 10.13.9.100:7003 pid=28346)
 count 
-------
     0
(1 row)

select count(*) from t_varbit where v > '0'::bit;
LOG:  kind file, filter rate: 1 / 3  (seg1 slice1 10.13.9.100:7003 pid=28346)
 count 
-------
    15
(1 row)

select count(*) from t_varbit where v >= '1'::bit;
LOG:  kind file, filter rate: 1 / 3  (seg1 slice1 10.13.9.100:7003 pid=28346)
 count 
-------
    15
(1 row)

select count(*) from t_varbit where v >= '0'::bit;
LOG:  kind file, filter rate: 0 / 3  (seg1 slice1 10.13.9.100:7003 pid=28346)
 count 
-------
    30
(1 row)

select count(*) from t_varbit where v < '0'::bit;
LOG:  kind file, filter rate: 3 / 3  (seg1 slice1 10.13.9.100:7003 pid=28346)
 count 
-------
     0
(1 row)

select count(*) from t_varbit where v < '1'::bit;
LOG:  kind file, filter rate: 1 / 3  (seg1 slice1 10.13.9.100:7003 pid=28346)
 count 
-------
    15
(1 row)

select count(*) from t_varbit where v <= '1'::bit;
LOG:  kind file, filter rate: 0 / 3  (seg1 slice1 10.13.9.100:7003 pid=28346)
 count 
-------
    30
(1 row)

select count(*) from t_varbit where v <= '0'::bit;
LOG:  kind file, filter rate: 1 / 3  (seg1 slice1 10.13.9.100:7003 pid=28346)
 count 
-------
    15
(1 row)

select count(*) from t_varbit where v = '0'::bit;
LOG:  kind file, filter rate: 1 / 3  (seg1 slice1 10.13.9.100:7003 pid=28346)
 count 
-------
    15
(1 row)

select count(*) from t_varbit where v = '1'::bit;
LOG:  kind file, filter rate: 1 / 3  (seg1 slice1 10.13.9.100:7003 pid=28346)
 count 
-------
    15
(1 row)

reset client_min_messages;
LOG:  statement: reset client_min_messages;
drop table t_varbit;
reset pax_enable_debug;
reset pax_enable_sparse_filter;
reset pax_max_tuples_per_group;
reset vector.enable_vectorization;
